Copyright 1986-2022 Xilinx, Inc. All Rights Reserved. Copyright 2022-2024 Advanced Micro Devices, Inc. All Rights Reserved.
---------------------------------------------------------------------------------------------------------------------------------------------------------------------------------------------------------
| Tool Version : Vivado v.2024.2 (win64) Build 5239630 Fri Nov 08 22:35:27 MST 2024
| Date         : Mon Jun 23 18:32:11 2025
| Host         : YusufSoylu running 64-bit major release  (build 9200)
| Command      : report_timing_summary -max_paths 10 -report_unconstrained -file main_timing_summary_routed.rpt -pb main_timing_summary_routed.pb -rpx main_timing_summary_routed.rpx -warn_on_violation
| Design       : main
| Device       : 7a100t-csg324
| Speed File   : -1  PRODUCTION 1.23 2018-06-13
| Design State : Routed
---------------------------------------------------------------------------------------------------------------------------------------------------------------------------------------------------------

Timing Summary Report

------------------------------------------------------------------------------------------------
| Timer Settings
| --------------
------------------------------------------------------------------------------------------------

  Enable Multi Corner Analysis               :  Yes
  Enable Pessimism Removal                   :  Yes
  Pessimism Removal Resolution               :  Nearest Common Node
  Enable Input Delay Default Clock           :  No
  Enable Preset / Clear Arcs                 :  No
  Disable Flight Delays                      :  No
  Ignore I/O Paths                           :  No
  Timing Early Launch at Borrowing Latches   :  No
  Borrow Time for Max Delay Exceptions       :  Yes
  Merge Timing Exceptions                    :  Yes
  Inter-SLR Compensation                     :  Conservative

  Corner  Analyze    Analyze    
  Name    Max Paths  Min Paths  
  ------  ---------  ---------  
  Slow    Yes        Yes        
  Fast    Yes        Yes        


------------------------------------------------------------------------------------------------
| Report Methodology
| ------------------
------------------------------------------------------------------------------------------------

Rule       Severity          Description                  Violations  
---------  ----------------  ---------------------------  ----------  
TIMING-17  Critical Warning  Non-clocked sequential cell  36          

Note: This report is based on the most recent report_methodology run and may not be up-to-date. Run report_methodology on the current design for the latest report.



check_timing report

Table of Contents
-----------------
1. checking no_clock (36)
2. checking constant_clock (0)
3. checking pulse_width_clock (0)
4. checking unconstrained_internal_endpoints (72)
5. checking no_input_delay (2)
6. checking no_output_delay (8)
7. checking multiple_clock (0)
8. checking generated_clocks (0)
9. checking loops (0)
10. checking partial_input_delay (0)
11. checking partial_output_delay (0)
12. checking latch_loops (0)

1. checking no_clock (36)
-------------------------
 There are 36 register/latch pins with no clock driven by root clock pin: clk (HIGH)


2. checking constant_clock (0)
------------------------------
 There are 0 register/latch pins with constant_clock.


3. checking pulse_width_clock (0)
---------------------------------
 There are 0 register/latch pins which need pulse_width check


4. checking unconstrained_internal_endpoints (72)
-------------------------------------------------
 There are 72 pins that are not constrained for maximum delay. (HIGH)

 There are 0 pins that are not constrained for maximum delay due to constant clock.


5. checking no_input_delay (2)
------------------------------
 There are 2 input ports with no input delay specified. (HIGH)

 There are 0 input ports with no input delay but user has a false path constraint.


6. checking no_output_delay (8)
-------------------------------
 There are 8 ports with no output delay specified. (HIGH)

 There are 0 ports with no output delay but user has a false path constraint

 There are 0 ports with no output delay but with a timing clock defined on it or propagating through it


7. checking multiple_clock (0)
------------------------------
 There are 0 register/latch pins with multiple clocks.


8. checking generated_clocks (0)
--------------------------------
 There are 0 generated clocks that are not connected to a clock source.


9. checking loops (0)
---------------------
 There are 0 combinational loops in the design.


10. checking partial_input_delay (0)
------------------------------------
 There are 0 input ports with partial input delay specified.


11. checking partial_output_delay (0)
-------------------------------------
 There are 0 ports with partial output delay specified.


12. checking latch_loops (0)
----------------------------
 There are 0 combinational latch loops in the design through latch input



------------------------------------------------------------------------------------------------
| Design Timing Summary
| ---------------------
------------------------------------------------------------------------------------------------

    WNS(ns)      TNS(ns)  TNS Failing Endpoints  TNS Total Endpoints      WHS(ns)      THS(ns)  THS Failing Endpoints  THS Total Endpoints     WPWS(ns)     TPWS(ns)  TPWS Failing Endpoints  TPWS Total Endpoints  
    -------      -------  ---------------------  -------------------      -------      -------  ---------------------  -------------------     --------     --------  ----------------------  --------------------  
        inf        0.000                      0                   80          inf        0.000                      0                   80           NA           NA                      NA                    NA  


There are no user specified timing constraints.


------------------------------------------------------------------------------------------------
| Clock Summary
| -------------
------------------------------------------------------------------------------------------------


------------------------------------------------------------------------------------------------
| Intra Clock Table
| -----------------
------------------------------------------------------------------------------------------------

Clock             WNS(ns)      TNS(ns)  TNS Failing Endpoints  TNS Total Endpoints      WHS(ns)      THS(ns)  THS Failing Endpoints  THS Total Endpoints     WPWS(ns)     TPWS(ns)  TPWS Failing Endpoints  TPWS Total Endpoints  
-----             -------      -------  ---------------------  -------------------      -------      -------  ---------------------  -------------------     --------     --------  ----------------------  --------------------  


------------------------------------------------------------------------------------------------
| Inter Clock Table
| -----------------
------------------------------------------------------------------------------------------------

From Clock    To Clock          WNS(ns)      TNS(ns)  TNS Failing Endpoints  TNS Total Endpoints      WHS(ns)      THS(ns)  THS Failing Endpoints  THS Total Endpoints  
----------    --------          -------      -------  ---------------------  -------------------      -------      -------  ---------------------  -------------------  


------------------------------------------------------------------------------------------------
| Other Path Groups Table
| -----------------------
------------------------------------------------------------------------------------------------

Path Group    From Clock    To Clock          WNS(ns)      TNS(ns)  TNS Failing Endpoints  TNS Total Endpoints      WHS(ns)      THS(ns)  THS Failing Endpoints  THS Total Endpoints  
----------    ----------    --------          -------      -------  ---------------------  -------------------      -------      -------  ---------------------  -------------------  


------------------------------------------------------------------------------------------------
| User Ignored Path Table
| -----------------------
------------------------------------------------------------------------------------------------

Path Group    From Clock    To Clock    
----------    ----------    --------    


------------------------------------------------------------------------------------------------
| Unconstrained Path Table
| ------------------------
------------------------------------------------------------------------------------------------

Path Group    From Clock    To Clock    
----------    ----------    --------    
(none)                                    


------------------------------------------------------------------------------------------------
| Timing Details
| --------------
------------------------------------------------------------------------------------------------


--------------------------------------------------------------------------------------
Path Group:  (none)
From Clock:  
  To Clock:  

Max Delay            80 Endpoints
Min Delay            80 Endpoints
--------------------------------------------------------------------------------------


Max Delay Paths
--------------------------------------------------------------------------------------
Slack:                    inf
  Source:                 sw[1]
                            (input port)
  Destination:            counter_ic_reg[1]/CE
  Path Group:             (none)
  Path Type:              Max at Slow Process Corner
  Data Path Delay:        7.957ns  (logic 3.841ns (48.266%)  route 4.116ns (51.734%))
  Logic Levels:           9  (CARRY4=6 IBUF=1 LUT2=1 LUT4=1)

    Location             Delay type                Incr(ns)  Path(ns)    Netlist Resource(s)
  -------------------------------------------------------------------    -------------------
    V12                                               0.000     0.000 f  sw[1] (IN)
                         net (fo=0)                   0.000     0.000    sw[1]
    V12                  IBUF (Prop_ibuf_I_O)         1.001     1.001 f  sw_IBUF[1]_inst/O
                         net (fo=23, routed)          1.756     2.756    sw_IBUF[1]
    SLICE_X2Y57          LUT2 (Prop_lut2_I1_O)        0.124     2.880 r  timer[0]_i_43/O
                         net (fo=1, routed)           0.000     2.880    timer[0]_i_43_n_0
    SLICE_X2Y57          CARRY4 (Prop_carry4_S[1]_CO[3])
                                                      0.533     3.413 r  timer_reg[0]_i_35/CO[3]
                         net (fo=1, routed)           0.000     3.413    timer_reg[0]_i_35_n_0
    SLICE_X2Y58          CARRY4 (Prop_carry4_CI_CO[1])
                                                      0.157     3.570 r  timer_reg[0]_i_34/CO[1]
                         net (fo=3, routed)           0.487     4.057    timer_reg[0]_i_34_n_2
    SLICE_X3Y57          CARRY4 (Prop_carry4_CYINIT_O[1])
                                                      0.806     4.863 r  timer_reg[0]_i_33/O[1]
                         net (fo=2, routed)           0.803     5.666    timer_reg[0]_i_33_n_6
    SLICE_X1Y57          LUT4 (Prop_lut4_I3_O)        0.303     5.969 r  timer[0]_i_24/O
                         net (fo=1, routed)           0.000     5.969    timer[0]_i_24_n_0
    SLICE_X1Y57          CARRY4 (Prop_carry4_S[0]_CO[3])
                                                      0.532     6.501 r  timer_reg[0]_i_7/CO[3]
                         net (fo=1, routed)           0.000     6.501    timer_reg[0]_i_7_n_0
    SLICE_X1Y58          CARRY4 (Prop_carry4_CI_CO[3])
                                                      0.114     6.615 r  timer_reg[0]_i_3/CO[3]
                         net (fo=1, routed)           0.000     6.615    timer_reg[0]_i_3_n_0
    SLICE_X1Y59          CARRY4 (Prop_carry4_CI_CO[0])
                                                      0.271     6.886 r  timer_reg[0]_i_1/CO[0]
                         net (fo=36, routed)          1.071     7.957    sel
    SLICE_X0Y53          FDRE                                         r  counter_ic_reg[1]/CE
  -------------------------------------------------------------------    -------------------

Slack:                    inf
  Source:                 sw[1]
                            (input port)
  Destination:            counter_ic_reg[2]/CE
  Path Group:             (none)
  Path Type:              Max at Slow Process Corner
  Data Path Delay:        7.957ns  (logic 3.841ns (48.266%)  route 4.116ns (51.734%))
  Logic Levels:           9  (CARRY4=6 IBUF=1 LUT2=1 LUT4=1)

    Location             Delay type                Incr(ns)  Path(ns)    Netlist Resource(s)
  -------------------------------------------------------------------    -------------------
    V12                                               0.000     0.000 f  sw[1] (IN)
                         net (fo=0)                   0.000     0.000    sw[1]
    V12                  IBUF (Prop_ibuf_I_O)         1.001     1.001 f  sw_IBUF[1]_inst/O
                         net (fo=23, routed)          1.756     2.756    sw_IBUF[1]
    SLICE_X2Y57          LUT2 (Prop_lut2_I1_O)        0.124     2.880 r  timer[0]_i_43/O
                         net (fo=1, routed)           0.000     2.880    timer[0]_i_43_n_0
    SLICE_X2Y57          CARRY4 (Prop_carry4_S[1]_CO[3])
                                                      0.533     3.413 r  timer_reg[0]_i_35/CO[3]
                         net (fo=1, routed)           0.000     3.413    timer_reg[0]_i_35_n_0
    SLICE_X2Y58          CARRY4 (Prop_carry4_CI_CO[1])
                                                      0.157     3.570 r  timer_reg[0]_i_34/CO[1]
                         net (fo=3, routed)           0.487     4.057    timer_reg[0]_i_34_n_2
    SLICE_X3Y57          CARRY4 (Prop_carry4_CYINIT_O[1])
                                                      0.806     4.863 r  timer_reg[0]_i_33/O[1]
                         net (fo=2, routed)           0.803     5.666    timer_reg[0]_i_33_n_6
    SLICE_X1Y57          LUT4 (Prop_lut4_I3_O)        0.303     5.969 r  timer[0]_i_24/O
                         net (fo=1, routed)           0.000     5.969    timer[0]_i_24_n_0
    SLICE_X1Y57          CARRY4 (Prop_carry4_S[0]_CO[3])
                                                      0.532     6.501 r  timer_reg[0]_i_7/CO[3]
                         net (fo=1, routed)           0.000     6.501    timer_reg[0]_i_7_n_0
    SLICE_X1Y58          CARRY4 (Prop_carry4_CI_CO[3])
                                                      0.114     6.615 r  timer_reg[0]_i_3/CO[3]
                         net (fo=1, routed)           0.000     6.615    timer_reg[0]_i_3_n_0
    SLICE_X1Y59          CARRY4 (Prop_carry4_CI_CO[0])
                                                      0.271     6.886 r  timer_reg[0]_i_1/CO[0]
                         net (fo=36, routed)          1.071     7.957    sel
    SLICE_X0Y53          FDRE                                         r  counter_ic_reg[2]/CE
  -------------------------------------------------------------------    -------------------

Slack:                    inf
  Source:                 sw[1]
                            (input port)
  Destination:            counter_ic_reg[3]/CE
  Path Group:             (none)
  Path Type:              Max at Slow Process Corner
  Data Path Delay:        7.957ns  (logic 3.841ns (48.266%)  route 4.116ns (51.734%))
  Logic Levels:           9  (CARRY4=6 IBUF=1 LUT2=1 LUT4=1)

    Location             Delay type                Incr(ns)  Path(ns)    Netlist Resource(s)
  -------------------------------------------------------------------    -------------------
    V12                                               0.000     0.000 f  sw[1] (IN)
                         net (fo=0)                   0.000     0.000    sw[1]
    V12                  IBUF (Prop_ibuf_I_O)         1.001     1.001 f  sw_IBUF[1]_inst/O
                         net (fo=23, routed)          1.756     2.756    sw_IBUF[1]
    SLICE_X2Y57          LUT2 (Prop_lut2_I1_O)        0.124     2.880 r  timer[0]_i_43/O
                         net (fo=1, routed)           0.000     2.880    timer[0]_i_43_n_0
    SLICE_X2Y57          CARRY4 (Prop_carry4_S[1]_CO[3])
                                                      0.533     3.413 r  timer_reg[0]_i_35/CO[3]
                         net (fo=1, routed)           0.000     3.413    timer_reg[0]_i_35_n_0
    SLICE_X2Y58          CARRY4 (Prop_carry4_CI_CO[1])
                                                      0.157     3.570 r  timer_reg[0]_i_34/CO[1]
                         net (fo=3, routed)           0.487     4.057    timer_reg[0]_i_34_n_2
    SLICE_X3Y57          CARRY4 (Prop_carry4_CYINIT_O[1])
                                                      0.806     4.863 r  timer_reg[0]_i_33/O[1]
                         net (fo=2, routed)           0.803     5.666    timer_reg[0]_i_33_n_6
    SLICE_X1Y57          LUT4 (Prop_lut4_I3_O)        0.303     5.969 r  timer[0]_i_24/O
                         net (fo=1, routed)           0.000     5.969    timer[0]_i_24_n_0
    SLICE_X1Y57          CARRY4 (Prop_carry4_S[0]_CO[3])
                                                      0.532     6.501 r  timer_reg[0]_i_7/CO[3]
                         net (fo=1, routed)           0.000     6.501    timer_reg[0]_i_7_n_0
    SLICE_X1Y58          CARRY4 (Prop_carry4_CI_CO[3])
                                                      0.114     6.615 r  timer_reg[0]_i_3/CO[3]
                         net (fo=1, routed)           0.000     6.615    timer_reg[0]_i_3_n_0
    SLICE_X1Y59          CARRY4 (Prop_carry4_CI_CO[0])
                                                      0.271     6.886 r  timer_reg[0]_i_1/CO[0]
                         net (fo=36, routed)          1.071     7.957    sel
    SLICE_X0Y53          FDRE                                         r  counter_ic_reg[3]/CE
  -------------------------------------------------------------------    -------------------

Slack:                    inf
  Source:                 sw[1]
                            (input port)
  Destination:            counter_ic_reg[4]/CE
  Path Group:             (none)
  Path Type:              Max at Slow Process Corner
  Data Path Delay:        7.957ns  (logic 3.841ns (48.266%)  route 4.116ns (51.734%))
  Logic Levels:           9  (CARRY4=6 IBUF=1 LUT2=1 LUT4=1)

    Location             Delay type                Incr(ns)  Path(ns)    Netlist Resource(s)
  -------------------------------------------------------------------    -------------------
    V12                                               0.000     0.000 f  sw[1] (IN)
                         net (fo=0)                   0.000     0.000    sw[1]
    V12                  IBUF (Prop_ibuf_I_O)         1.001     1.001 f  sw_IBUF[1]_inst/O
                         net (fo=23, routed)          1.756     2.756    sw_IBUF[1]
    SLICE_X2Y57          LUT2 (Prop_lut2_I1_O)        0.124     2.880 r  timer[0]_i_43/O
                         net (fo=1, routed)           0.000     2.880    timer[0]_i_43_n_0
    SLICE_X2Y57          CARRY4 (Prop_carry4_S[1]_CO[3])
                                                      0.533     3.413 r  timer_reg[0]_i_35/CO[3]
                         net (fo=1, routed)           0.000     3.413    timer_reg[0]_i_35_n_0
    SLICE_X2Y58          CARRY4 (Prop_carry4_CI_CO[1])
                                                      0.157     3.570 r  timer_reg[0]_i_34/CO[1]
                         net (fo=3, routed)           0.487     4.057    timer_reg[0]_i_34_n_2
    SLICE_X3Y57          CARRY4 (Prop_carry4_CYINIT_O[1])
                                                      0.806     4.863 r  timer_reg[0]_i_33/O[1]
                         net (fo=2, routed)           0.803     5.666    timer_reg[0]_i_33_n_6
    SLICE_X1Y57          LUT4 (Prop_lut4_I3_O)        0.303     5.969 r  timer[0]_i_24/O
                         net (fo=1, routed)           0.000     5.969    timer[0]_i_24_n_0
    SLICE_X1Y57          CARRY4 (Prop_carry4_S[0]_CO[3])
                                                      0.532     6.501 r  timer_reg[0]_i_7/CO[3]
                         net (fo=1, routed)           0.000     6.501    timer_reg[0]_i_7_n_0
    SLICE_X1Y58          CARRY4 (Prop_carry4_CI_CO[3])
                                                      0.114     6.615 r  timer_reg[0]_i_3/CO[3]
                         net (fo=1, routed)           0.000     6.615    timer_reg[0]_i_3_n_0
    SLICE_X1Y59          CARRY4 (Prop_carry4_CI_CO[0])
                                                      0.271     6.886 r  timer_reg[0]_i_1/CO[0]
                         net (fo=36, routed)          1.071     7.957    sel
    SLICE_X0Y53          FDRE                                         r  counter_ic_reg[4]/CE
  -------------------------------------------------------------------    -------------------

Slack:                    inf
  Source:                 sw[1]
                            (input port)
  Destination:            counter_ic_reg[5]/CE
  Path Group:             (none)
  Path Type:              Max at Slow Process Corner
  Data Path Delay:        7.957ns  (logic 3.841ns (48.266%)  route 4.116ns (51.734%))
  Logic Levels:           9  (CARRY4=6 IBUF=1 LUT2=1 LUT4=1)

    Location             Delay type                Incr(ns)  Path(ns)    Netlist Resource(s)
  -------------------------------------------------------------------    -------------------
    V12                                               0.000     0.000 f  sw[1] (IN)
                         net (fo=0)                   0.000     0.000    sw[1]
    V12                  IBUF (Prop_ibuf_I_O)         1.001     1.001 f  sw_IBUF[1]_inst/O
                         net (fo=23, routed)          1.756     2.756    sw_IBUF[1]
    SLICE_X2Y57          LUT2 (Prop_lut2_I1_O)        0.124     2.880 r  timer[0]_i_43/O
                         net (fo=1, routed)           0.000     2.880    timer[0]_i_43_n_0
    SLICE_X2Y57          CARRY4 (Prop_carry4_S[1]_CO[3])
                                                      0.533     3.413 r  timer_reg[0]_i_35/CO[3]
                         net (fo=1, routed)           0.000     3.413    timer_reg[0]_i_35_n_0
    SLICE_X2Y58          CARRY4 (Prop_carry4_CI_CO[1])
                                                      0.157     3.570 r  timer_reg[0]_i_34/CO[1]
                         net (fo=3, routed)           0.487     4.057    timer_reg[0]_i_34_n_2
    SLICE_X3Y57          CARRY4 (Prop_carry4_CYINIT_O[1])
                                                      0.806     4.863 r  timer_reg[0]_i_33/O[1]
                         net (fo=2, routed)           0.803     5.666    timer_reg[0]_i_33_n_6
    SLICE_X1Y57          LUT4 (Prop_lut4_I3_O)        0.303     5.969 r  timer[0]_i_24/O
                         net (fo=1, routed)           0.000     5.969    timer[0]_i_24_n_0
    SLICE_X1Y57          CARRY4 (Prop_carry4_S[0]_CO[3])
                                                      0.532     6.501 r  timer_reg[0]_i_7/CO[3]
                         net (fo=1, routed)           0.000     6.501    timer_reg[0]_i_7_n_0
    SLICE_X1Y58          CARRY4 (Prop_carry4_CI_CO[3])
                                                      0.114     6.615 r  timer_reg[0]_i_3/CO[3]
                         net (fo=1, routed)           0.000     6.615    timer_reg[0]_i_3_n_0
    SLICE_X1Y59          CARRY4 (Prop_carry4_CI_CO[0])
                                                      0.271     6.886 r  timer_reg[0]_i_1/CO[0]
                         net (fo=36, routed)          1.071     7.957    sel
    SLICE_X0Y53          FDRE                                         r  counter_ic_reg[5]/CE
  -------------------------------------------------------------------    -------------------

Slack:                    inf
  Source:                 sw[1]
                            (input port)
  Destination:            counter_ic_reg[0]/CE
  Path Group:             (none)
  Path Type:              Max at Slow Process Corner
  Data Path Delay:        7.768ns  (logic 3.841ns (49.442%)  route 3.927ns (50.558%))
  Logic Levels:           9  (CARRY4=6 IBUF=1 LUT2=1 LUT4=1)

    Location             Delay type                Incr(ns)  Path(ns)    Netlist Resource(s)
  -------------------------------------------------------------------    -------------------
    V12                                               0.000     0.000 f  sw[1] (IN)
                         net (fo=0)                   0.000     0.000    sw[1]
    V12                  IBUF (Prop_ibuf_I_O)         1.001     1.001 f  sw_IBUF[1]_inst/O
                         net (fo=23, routed)          1.756     2.756    sw_IBUF[1]
    SLICE_X2Y57          LUT2 (Prop_lut2_I1_O)        0.124     2.880 r  timer[0]_i_43/O
                         net (fo=1, routed)           0.000     2.880    timer[0]_i_43_n_0
    SLICE_X2Y57          CARRY4 (Prop_carry4_S[1]_CO[3])
                                                      0.533     3.413 r  timer_reg[0]_i_35/CO[3]
                         net (fo=1, routed)           0.000     3.413    timer_reg[0]_i_35_n_0
    SLICE_X2Y58          CARRY4 (Prop_carry4_CI_CO[1])
                                                      0.157     3.570 r  timer_reg[0]_i_34/CO[1]
                         net (fo=3, routed)           0.487     4.057    timer_reg[0]_i_34_n_2
    SLICE_X3Y57          CARRY4 (Prop_carry4_CYINIT_O[1])
                                                      0.806     4.863 r  timer_reg[0]_i_33/O[1]
                         net (fo=2, routed)           0.803     5.666    timer_reg[0]_i_33_n_6
    SLICE_X1Y57          LUT4 (Prop_lut4_I3_O)        0.303     5.969 r  timer[0]_i_24/O
                         net (fo=1, routed)           0.000     5.969    timer[0]_i_24_n_0
    SLICE_X1Y57          CARRY4 (Prop_carry4_S[0]_CO[3])
                                                      0.532     6.501 r  timer_reg[0]_i_7/CO[3]
                         net (fo=1, routed)           0.000     6.501    timer_reg[0]_i_7_n_0
    SLICE_X1Y58          CARRY4 (Prop_carry4_CI_CO[3])
                                                      0.114     6.615 r  timer_reg[0]_i_3/CO[3]
                         net (fo=1, routed)           0.000     6.615    timer_reg[0]_i_3_n_0
    SLICE_X1Y59          CARRY4 (Prop_carry4_CI_CO[0])
                                                      0.271     6.886 r  timer_reg[0]_i_1/CO[0]
                         net (fo=36, routed)          0.882     7.768    sel
    SLICE_X1Y53          FDRE                                         r  counter_ic_reg[0]/CE
  -------------------------------------------------------------------    -------------------

Slack:                    inf
  Source:                 sw[1]
                            (input port)
  Destination:            timer_reg[0]/R
  Path Group:             (none)
  Path Type:              Max at Slow Process Corner
  Data Path Delay:        7.720ns  (logic 3.841ns (49.748%)  route 3.879ns (50.252%))
  Logic Levels:           9  (CARRY4=6 IBUF=1 LUT2=1 LUT4=1)

    Location             Delay type                Incr(ns)  Path(ns)    Netlist Resource(s)
  -------------------------------------------------------------------    -------------------
    V12                                               0.000     0.000 f  sw[1] (IN)
                         net (fo=0)                   0.000     0.000    sw[1]
    V12                  IBUF (Prop_ibuf_I_O)         1.001     1.001 f  sw_IBUF[1]_inst/O
                         net (fo=23, routed)          1.756     2.756    sw_IBUF[1]
    SLICE_X2Y57          LUT2 (Prop_lut2_I1_O)        0.124     2.880 r  timer[0]_i_43/O
                         net (fo=1, routed)           0.000     2.880    timer[0]_i_43_n_0
    SLICE_X2Y57          CARRY4 (Prop_carry4_S[1]_CO[3])
                                                      0.533     3.413 r  timer_reg[0]_i_35/CO[3]
                         net (fo=1, routed)           0.000     3.413    timer_reg[0]_i_35_n_0
    SLICE_X2Y58          CARRY4 (Prop_carry4_CI_CO[1])
                                                      0.157     3.570 r  timer_reg[0]_i_34/CO[1]
                         net (fo=3, routed)           0.487     4.057    timer_reg[0]_i_34_n_2
    SLICE_X3Y57          CARRY4 (Prop_carry4_CYINIT_O[1])
                                                      0.806     4.863 r  timer_reg[0]_i_33/O[1]
                         net (fo=2, routed)           0.803     5.666    timer_reg[0]_i_33_n_6
    SLICE_X1Y57          LUT4 (Prop_lut4_I3_O)        0.303     5.969 r  timer[0]_i_24/O
                         net (fo=1, routed)           0.000     5.969    timer[0]_i_24_n_0
    SLICE_X1Y57          CARRY4 (Prop_carry4_S[0]_CO[3])
                                                      0.532     6.501 r  timer_reg[0]_i_7/CO[3]
                         net (fo=1, routed)           0.000     6.501    timer_reg[0]_i_7_n_0
    SLICE_X1Y58          CARRY4 (Prop_carry4_CI_CO[3])
                                                      0.114     6.615 r  timer_reg[0]_i_3/CO[3]
                         net (fo=1, routed)           0.000     6.615    timer_reg[0]_i_3_n_0
    SLICE_X1Y59          CARRY4 (Prop_carry4_CI_CO[0])
                                                      0.271     6.886 r  timer_reg[0]_i_1/CO[0]
                         net (fo=36, routed)          0.834     7.720    sel
    SLICE_X0Y54          FDRE                                         r  timer_reg[0]/R
  -------------------------------------------------------------------    -------------------

Slack:                    inf
  Source:                 sw[1]
                            (input port)
  Destination:            timer_reg[1]/R
  Path Group:             (none)
  Path Type:              Max at Slow Process Corner
  Data Path Delay:        7.720ns  (logic 3.841ns (49.748%)  route 3.879ns (50.252%))
  Logic Levels:           9  (CARRY4=6 IBUF=1 LUT2=1 LUT4=1)

    Location             Delay type                Incr(ns)  Path(ns)    Netlist Resource(s)
  -------------------------------------------------------------------    -------------------
    V12                                               0.000     0.000 f  sw[1] (IN)
                         net (fo=0)                   0.000     0.000    sw[1]
    V12                  IBUF (Prop_ibuf_I_O)         1.001     1.001 f  sw_IBUF[1]_inst/O
                         net (fo=23, routed)          1.756     2.756    sw_IBUF[1]
    SLICE_X2Y57          LUT2 (Prop_lut2_I1_O)        0.124     2.880 r  timer[0]_i_43/O
                         net (fo=1, routed)           0.000     2.880    timer[0]_i_43_n_0
    SLICE_X2Y57          CARRY4 (Prop_carry4_S[1]_CO[3])
                                                      0.533     3.413 r  timer_reg[0]_i_35/CO[3]
                         net (fo=1, routed)           0.000     3.413    timer_reg[0]_i_35_n_0
    SLICE_X2Y58          CARRY4 (Prop_carry4_CI_CO[1])
                                                      0.157     3.570 r  timer_reg[0]_i_34/CO[1]
                         net (fo=3, routed)           0.487     4.057    timer_reg[0]_i_34_n_2
    SLICE_X3Y57          CARRY4 (Prop_carry4_CYINIT_O[1])
                                                      0.806     4.863 r  timer_reg[0]_i_33/O[1]
                         net (fo=2, routed)           0.803     5.666    timer_reg[0]_i_33_n_6
    SLICE_X1Y57          LUT4 (Prop_lut4_I3_O)        0.303     5.969 r  timer[0]_i_24/O
                         net (fo=1, routed)           0.000     5.969    timer[0]_i_24_n_0
    SLICE_X1Y57          CARRY4 (Prop_carry4_S[0]_CO[3])
                                                      0.532     6.501 r  timer_reg[0]_i_7/CO[3]
                         net (fo=1, routed)           0.000     6.501    timer_reg[0]_i_7_n_0
    SLICE_X1Y58          CARRY4 (Prop_carry4_CI_CO[3])
                                                      0.114     6.615 r  timer_reg[0]_i_3/CO[3]
                         net (fo=1, routed)           0.000     6.615    timer_reg[0]_i_3_n_0
    SLICE_X1Y59          CARRY4 (Prop_carry4_CI_CO[0])
                                                      0.271     6.886 r  timer_reg[0]_i_1/CO[0]
                         net (fo=36, routed)          0.834     7.720    sel
    SLICE_X0Y54          FDRE                                         r  timer_reg[1]/R
  -------------------------------------------------------------------    -------------------

Slack:                    inf
  Source:                 sw[1]
                            (input port)
  Destination:            timer_reg[2]/R
  Path Group:             (none)
  Path Type:              Max at Slow Process Corner
  Data Path Delay:        7.720ns  (logic 3.841ns (49.748%)  route 3.879ns (50.252%))
  Logic Levels:           9  (CARRY4=6 IBUF=1 LUT2=1 LUT4=1)

    Location             Delay type                Incr(ns)  Path(ns)    Netlist Resource(s)
  -------------------------------------------------------------------    -------------------
    V12                                               0.000     0.000 f  sw[1] (IN)
                         net (fo=0)                   0.000     0.000    sw[1]
    V12                  IBUF (Prop_ibuf_I_O)         1.001     1.001 f  sw_IBUF[1]_inst/O
                         net (fo=23, routed)          1.756     2.756    sw_IBUF[1]
    SLICE_X2Y57          LUT2 (Prop_lut2_I1_O)        0.124     2.880 r  timer[0]_i_43/O
                         net (fo=1, routed)           0.000     2.880    timer[0]_i_43_n_0
    SLICE_X2Y57          CARRY4 (Prop_carry4_S[1]_CO[3])
                                                      0.533     3.413 r  timer_reg[0]_i_35/CO[3]
                         net (fo=1, routed)           0.000     3.413    timer_reg[0]_i_35_n_0
    SLICE_X2Y58          CARRY4 (Prop_carry4_CI_CO[1])
                                                      0.157     3.570 r  timer_reg[0]_i_34/CO[1]
                         net (fo=3, routed)           0.487     4.057    timer_reg[0]_i_34_n_2
    SLICE_X3Y57          CARRY4 (Prop_carry4_CYINIT_O[1])
                                                      0.806     4.863 r  timer_reg[0]_i_33/O[1]
                         net (fo=2, routed)           0.803     5.666    timer_reg[0]_i_33_n_6
    SLICE_X1Y57          LUT4 (Prop_lut4_I3_O)        0.303     5.969 r  timer[0]_i_24/O
                         net (fo=1, routed)           0.000     5.969    timer[0]_i_24_n_0
    SLICE_X1Y57          CARRY4 (Prop_carry4_S[0]_CO[3])
                                                      0.532     6.501 r  timer_reg[0]_i_7/CO[3]
                         net (fo=1, routed)           0.000     6.501    timer_reg[0]_i_7_n_0
    SLICE_X1Y58          CARRY4 (Prop_carry4_CI_CO[3])
                                                      0.114     6.615 r  timer_reg[0]_i_3/CO[3]
                         net (fo=1, routed)           0.000     6.615    timer_reg[0]_i_3_n_0
    SLICE_X1Y59          CARRY4 (Prop_carry4_CI_CO[0])
                                                      0.271     6.886 r  timer_reg[0]_i_1/CO[0]
                         net (fo=36, routed)          0.834     7.720    sel
    SLICE_X0Y54          FDRE                                         r  timer_reg[2]/R
  -------------------------------------------------------------------    -------------------

Slack:                    inf
  Source:                 sw[1]
                            (input port)
  Destination:            timer_reg[3]/R
  Path Group:             (none)
  Path Type:              Max at Slow Process Corner
  Data Path Delay:        7.720ns  (logic 3.841ns (49.748%)  route 3.879ns (50.252%))
  Logic Levels:           9  (CARRY4=6 IBUF=1 LUT2=1 LUT4=1)

    Location             Delay type                Incr(ns)  Path(ns)    Netlist Resource(s)
  -------------------------------------------------------------------    -------------------
    V12                                               0.000     0.000 f  sw[1] (IN)
                         net (fo=0)                   0.000     0.000    sw[1]
    V12                  IBUF (Prop_ibuf_I_O)         1.001     1.001 f  sw_IBUF[1]_inst/O
                         net (fo=23, routed)          1.756     2.756    sw_IBUF[1]
    SLICE_X2Y57          LUT2 (Prop_lut2_I1_O)        0.124     2.880 r  timer[0]_i_43/O
                         net (fo=1, routed)           0.000     2.880    timer[0]_i_43_n_0
    SLICE_X2Y57          CARRY4 (Prop_carry4_S[1]_CO[3])
                                                      0.533     3.413 r  timer_reg[0]_i_35/CO[3]
                         net (fo=1, routed)           0.000     3.413    timer_reg[0]_i_35_n_0
    SLICE_X2Y58          CARRY4 (Prop_carry4_CI_CO[1])
                                                      0.157     3.570 r  timer_reg[0]_i_34/CO[1]
                         net (fo=3, routed)           0.487     4.057    timer_reg[0]_i_34_n_2
    SLICE_X3Y57          CARRY4 (Prop_carry4_CYINIT_O[1])
                                                      0.806     4.863 r  timer_reg[0]_i_33/O[1]
                         net (fo=2, routed)           0.803     5.666    timer_reg[0]_i_33_n_6
    SLICE_X1Y57          LUT4 (Prop_lut4_I3_O)        0.303     5.969 r  timer[0]_i_24/O
                         net (fo=1, routed)           0.000     5.969    timer[0]_i_24_n_0
    SLICE_X1Y57          CARRY4 (Prop_carry4_S[0]_CO[3])
                                                      0.532     6.501 r  timer_reg[0]_i_7/CO[3]
                         net (fo=1, routed)           0.000     6.501    timer_reg[0]_i_7_n_0
    SLICE_X1Y58          CARRY4 (Prop_carry4_CI_CO[3])
                                                      0.114     6.615 r  timer_reg[0]_i_3/CO[3]
                         net (fo=1, routed)           0.000     6.615    timer_reg[0]_i_3_n_0
    SLICE_X1Y59          CARRY4 (Prop_carry4_CI_CO[0])
                                                      0.271     6.886 r  timer_reg[0]_i_1/CO[0]
                         net (fo=36, routed)          0.834     7.720    sel
    SLICE_X0Y54          FDRE                                         r  timer_reg[3]/R
  -------------------------------------------------------------------    -------------------





Min Delay Paths
--------------------------------------------------------------------------------------
Slack:                    inf
  Source:                 counter_ic_reg[6]/C
                            (rising edge-triggered cell FDRE)
  Destination:            counter_ic_reg[7]/D
  Path Group:             (none)
  Path Type:              Min at Fast Process Corner
  Data Path Delay:        0.351ns  (logic 0.183ns (52.092%)  route 0.168ns (47.908%))
  Logic Levels:           2  (FDRE=1 LUT3=1)

    Location             Delay type                Incr(ns)  Path(ns)    Netlist Resource(s)
  -------------------------------------------------------------------    -------------------
    SLICE_X1Y55          FDRE                         0.000     0.000 r  counter_ic_reg[6]/C
    SLICE_X1Y55          FDRE (Prop_fdre_C_Q)         0.141     0.141 r  counter_ic_reg[6]/Q
                         net (fo=3, routed)           0.168     0.309    counter_OBUF[6]
    SLICE_X1Y55          LUT3 (Prop_lut3_I1_O)        0.042     0.351 r  counter_ic[7]_i_1/O
                         net (fo=1, routed)           0.000     0.351    plusOp[7]
    SLICE_X1Y55          FDRE                                         r  counter_ic_reg[7]/D
  -------------------------------------------------------------------    -------------------

Slack:                    inf
  Source:                 counter_ic_reg[6]/C
                            (rising edge-triggered cell FDRE)
  Destination:            counter_ic_reg[6]/D
  Path Group:             (none)
  Path Type:              Min at Fast Process Corner
  Data Path Delay:        0.354ns  (logic 0.186ns (52.498%)  route 0.168ns (47.502%))
  Logic Levels:           2  (FDRE=1 LUT2=1)

    Location             Delay type                Incr(ns)  Path(ns)    Netlist Resource(s)
  -------------------------------------------------------------------    -------------------
    SLICE_X1Y55          FDRE                         0.000     0.000 r  counter_ic_reg[6]/C
    SLICE_X1Y55          FDRE (Prop_fdre_C_Q)         0.141     0.141 r  counter_ic_reg[6]/Q
                         net (fo=3, routed)           0.168     0.309    counter_OBUF[6]
    SLICE_X1Y55          LUT2 (Prop_lut2_I1_O)        0.045     0.354 r  counter_ic[6]_i_1/O
                         net (fo=1, routed)           0.000     0.354    plusOp[6]
    SLICE_X1Y55          FDRE                                         r  counter_ic_reg[6]/D
  -------------------------------------------------------------------    -------------------

Slack:                    inf
  Source:                 counter_ic_reg[4]/C
                            (rising edge-triggered cell FDRE)
  Destination:            counter_ic_reg[5]/D
  Path Group:             (none)
  Path Type:              Min at Fast Process Corner
  Data Path Delay:        0.378ns  (logic 0.226ns (59.842%)  route 0.152ns (40.158%))
  Logic Levels:           2  (FDRE=1 LUT6=1)

    Location             Delay type                Incr(ns)  Path(ns)    Netlist Resource(s)
  -------------------------------------------------------------------    -------------------
    SLICE_X0Y53          FDRE                         0.000     0.000 r  counter_ic_reg[4]/C
    SLICE_X0Y53          FDRE (Prop_fdre_C_Q)         0.128     0.128 r  counter_ic_reg[4]/Q
                         net (fo=4, routed)           0.152     0.280    counter_OBUF[4]
    SLICE_X0Y53          LUT6 (Prop_lut6_I4_O)        0.098     0.378 r  counter_ic[5]_i_1/O
                         net (fo=1, routed)           0.000     0.378    plusOp[5]
    SLICE_X0Y53          FDRE                                         r  counter_ic_reg[5]/D
  -------------------------------------------------------------------    -------------------

Slack:                    inf
  Source:                 counter_ic_reg[1]/C
                            (rising edge-triggered cell FDRE)
  Destination:            counter_ic_reg[4]/D
  Path Group:             (none)
  Path Type:              Min at Fast Process Corner
  Data Path Delay:        0.381ns  (logic 0.184ns (48.279%)  route 0.197ns (51.721%))
  Logic Levels:           2  (FDRE=1 LUT5=1)

    Location             Delay type                Incr(ns)  Path(ns)    Netlist Resource(s)
  -------------------------------------------------------------------    -------------------
    SLICE_X0Y53          FDRE                         0.000     0.000 r  counter_ic_reg[1]/C
    SLICE_X0Y53          FDRE (Prop_fdre_C_Q)         0.141     0.141 r  counter_ic_reg[1]/Q
                         net (fo=7, routed)           0.197     0.338    counter_OBUF[1]
    SLICE_X0Y53          LUT5 (Prop_lut5_I2_O)        0.043     0.381 r  counter_ic[4]_i_1/O
                         net (fo=1, routed)           0.000     0.381    plusOp[4]
    SLICE_X0Y53          FDRE                                         r  counter_ic_reg[4]/D
  -------------------------------------------------------------------    -------------------

Slack:                    inf
  Source:                 counter_ic_reg[1]/C
                            (rising edge-triggered cell FDRE)
  Destination:            counter_ic_reg[3]/D
  Path Group:             (none)
  Path Type:              Min at Fast Process Corner
  Data Path Delay:        0.383ns  (logic 0.186ns (48.549%)  route 0.197ns (51.451%))
  Logic Levels:           2  (FDRE=1 LUT4=1)

    Location             Delay type                Incr(ns)  Path(ns)    Netlist Resource(s)
  -------------------------------------------------------------------    -------------------
    SLICE_X0Y53          FDRE                         0.000     0.000 r  counter_ic_reg[1]/C
    SLICE_X0Y53          FDRE (Prop_fdre_C_Q)         0.141     0.141 r  counter_ic_reg[1]/Q
                         net (fo=7, routed)           0.197     0.338    counter_OBUF[1]
    SLICE_X0Y53          LUT4 (Prop_lut4_I0_O)        0.045     0.383 r  counter_ic[3]_i_1/O
                         net (fo=1, routed)           0.000     0.383    plusOp[3]
    SLICE_X0Y53          FDRE                                         r  counter_ic_reg[3]/D
  -------------------------------------------------------------------    -------------------

Slack:                    inf
  Source:                 timer_reg[14]/C
                            (rising edge-triggered cell FDRE)
  Destination:            timer_reg[14]/D
  Path Group:             (none)
  Path Type:              Min at Fast Process Corner
  Data Path Delay:        0.385ns  (logic 0.252ns (65.465%)  route 0.133ns (34.535%))
  Logic Levels:           2  (CARRY4=1 FDRE=1)

    Location             Delay type                Incr(ns)  Path(ns)    Netlist Resource(s)
  -------------------------------------------------------------------    -------------------
    SLICE_X0Y57          FDRE                         0.000     0.000 r  timer_reg[14]/C
    SLICE_X0Y57          FDRE (Prop_fdre_C_Q)         0.141     0.141 r  timer_reg[14]/Q
                         net (fo=3, routed)           0.133     0.274    timer_reg[14]
    SLICE_X0Y57          CARRY4 (Prop_carry4_S[2]_O[2])
                                                      0.111     0.385 r  timer_reg[12]_i_1/O[2]
                         net (fo=1, routed)           0.000     0.385    timer_reg[12]_i_1_n_5
    SLICE_X0Y57          FDRE                                         r  timer_reg[14]/D
  -------------------------------------------------------------------    -------------------

Slack:                    inf
  Source:                 timer_reg[18]/C
                            (rising edge-triggered cell FDRE)
  Destination:            timer_reg[18]/D
  Path Group:             (none)
  Path Type:              Min at Fast Process Corner
  Data Path Delay:        0.385ns  (logic 0.252ns (65.465%)  route 0.133ns (34.535%))
  Logic Levels:           2  (CARRY4=1 FDRE=1)

    Location             Delay type                Incr(ns)  Path(ns)    Netlist Resource(s)
  -------------------------------------------------------------------    -------------------
    SLICE_X0Y58          FDRE                         0.000     0.000 r  timer_reg[18]/C
    SLICE_X0Y58          FDRE (Prop_fdre_C_Q)         0.141     0.141 r  timer_reg[18]/Q
                         net (fo=3, routed)           0.133     0.274    timer_reg[18]
    SLICE_X0Y58          CARRY4 (Prop_carry4_S[2]_O[2])
                                                      0.111     0.385 r  timer_reg[16]_i_1/O[2]
                         net (fo=1, routed)           0.000     0.385    timer_reg[16]_i_1_n_5
    SLICE_X0Y58          FDRE                                         r  timer_reg[18]/D
  -------------------------------------------------------------------    -------------------

Slack:                    inf
  Source:                 timer_reg[10]/C
                            (rising edge-triggered cell FDRE)
  Destination:            timer_reg[10]/D
  Path Group:             (none)
  Path Type:              Min at Fast Process Corner
  Data Path Delay:        0.386ns  (logic 0.252ns (65.354%)  route 0.134ns (34.646%))
  Logic Levels:           2  (CARRY4=1 FDRE=1)

    Location             Delay type                Incr(ns)  Path(ns)    Netlist Resource(s)
  -------------------------------------------------------------------    -------------------
    SLICE_X0Y56          FDRE                         0.000     0.000 r  timer_reg[10]/C
    SLICE_X0Y56          FDRE (Prop_fdre_C_Q)         0.141     0.141 r  timer_reg[10]/Q
                         net (fo=3, routed)           0.134     0.275    timer_reg[10]
    SLICE_X0Y56          CARRY4 (Prop_carry4_S[2]_O[2])
                                                      0.111     0.386 r  timer_reg[8]_i_1/O[2]
                         net (fo=1, routed)           0.000     0.386    timer_reg[8]_i_1_n_5
    SLICE_X0Y56          FDRE                                         r  timer_reg[10]/D
  -------------------------------------------------------------------    -------------------

Slack:                    inf
  Source:                 timer_reg[22]/C
                            (rising edge-triggered cell FDRE)
  Destination:            timer_reg[22]/D
  Path Group:             (none)
  Path Type:              Min at Fast Process Corner
  Data Path Delay:        0.386ns  (logic 0.252ns (65.354%)  route 0.134ns (34.646%))
  Logic Levels:           2  (CARRY4=1 FDRE=1)

    Location             Delay type                Incr(ns)  Path(ns)    Netlist Resource(s)
  -------------------------------------------------------------------    -------------------
    SLICE_X0Y59          FDRE                         0.000     0.000 r  timer_reg[22]/C
    SLICE_X0Y59          FDRE (Prop_fdre_C_Q)         0.141     0.141 r  timer_reg[22]/Q
                         net (fo=2, routed)           0.134     0.275    timer_reg[22]
    SLICE_X0Y59          CARRY4 (Prop_carry4_S[2]_O[2])
                                                      0.111     0.386 r  timer_reg[20]_i_1/O[2]
                         net (fo=1, routed)           0.000     0.386    timer_reg[20]_i_1_n_5
    SLICE_X0Y59          FDRE                                         r  timer_reg[22]/D
  -------------------------------------------------------------------    -------------------

Slack:                    inf
  Source:                 timer_reg[26]/C
                            (rising edge-triggered cell FDRE)
  Destination:            timer_reg[26]/D
  Path Group:             (none)
  Path Type:              Min at Fast Process Corner
  Data Path Delay:        0.386ns  (logic 0.252ns (65.354%)  route 0.134ns (34.646%))
  Logic Levels:           2  (CARRY4=1 FDRE=1)

    Location             Delay type                Incr(ns)  Path(ns)    Netlist Resource(s)
  -------------------------------------------------------------------    -------------------
    SLICE_X0Y60          FDRE                         0.000     0.000 r  timer_reg[26]/C
    SLICE_X0Y60          FDRE (Prop_fdre_C_Q)         0.141     0.141 r  timer_reg[26]/Q
                         net (fo=3, routed)           0.134     0.275    timer_reg[26]
    SLICE_X0Y60          CARRY4 (Prop_carry4_S[2]_O[2])
                                                      0.111     0.386 r  timer_reg[24]_i_1/O[2]
                         net (fo=1, routed)           0.000     0.386    timer_reg[24]_i_1_n_5
    SLICE_X0Y60          FDRE                                         r  timer_reg[26]/D
  -------------------------------------------------------------------    -------------------





