Copyright 1986-2022 Xilinx, Inc. All Rights Reserved. Copyright 2022-2024 Advanced Micro Devices, Inc. All Rights Reserved.
------------------------------------------------------------------------------------------------------------------------------------------------------------------------------------------------------------------------------
| Tool Version : Vivado v.2024.2 (win64) Build 5239630 Fri Nov 08 22:35:27 MST 2024
| Date         : Fri Jun 20 16:15:07 2025
| Host         : YusufSoylu running 64-bit major release  (build 9200)
| Command      : report_timing_summary -max_paths 10 -report_unconstrained -file N_bit_adder_timing_summary_routed.rpt -pb N_bit_adder_timing_summary_routed.pb -rpx N_bit_adder_timing_summary_routed.rpx -warn_on_violation
| Design       : N_bit_adder
| Device       : 7a100t-csg324
| Speed File   : -1  PRODUCTION 1.23 2018-06-13
| Design State : Routed
------------------------------------------------------------------------------------------------------------------------------------------------------------------------------------------------------------------------------

Timing Summary Report

------------------------------------------------------------------------------------------------
| Timer Settings
| --------------
------------------------------------------------------------------------------------------------

  Enable Multi Corner Analysis               :  Yes
  Enable Pessimism Removal                   :  Yes
  Pessimism Removal Resolution               :  Nearest Common Node
  Enable Input Delay Default Clock           :  No
  Enable Preset / Clear Arcs                 :  No
  Disable Flight Delays                      :  No
  Ignore I/O Paths                           :  No
  Timing Early Launch at Borrowing Latches   :  No
  Borrow Time for Max Delay Exceptions       :  Yes
  Merge Timing Exceptions                    :  Yes
  Inter-SLR Compensation                     :  Conservative

  Corner  Analyze    Analyze    
  Name    Max Paths  Min Paths  
  ------  ---------  ---------  
  Slow    Yes        Yes        
  Fast    Yes        Yes        


------------------------------------------------------------------------------------------------
| Report Methodology
| ------------------
------------------------------------------------------------------------------------------------

No report available as report_methodology has not been run prior. Run report_methodology on the current design for the summary of methodology violations.



check_timing report

Table of Contents
-----------------
1. checking no_clock (0)
2. checking constant_clock (0)
3. checking pulse_width_clock (0)
4. checking unconstrained_internal_endpoints (0)
5. checking no_input_delay (0)
6. checking no_output_delay (0)
7. checking multiple_clock (0)
8. checking generated_clocks (0)
9. checking loops (0)
10. checking partial_input_delay (0)
11. checking partial_output_delay (0)
12. checking latch_loops (0)

1. checking no_clock (0)
------------------------
 There are 0 register/latch pins with no clock.


2. checking constant_clock (0)
------------------------------
 There are 0 register/latch pins with constant_clock.


3. checking pulse_width_clock (0)
---------------------------------
 There are 0 register/latch pins which need pulse_width check


4. checking unconstrained_internal_endpoints (0)
------------------------------------------------
 There are 0 pins that are not constrained for maximum delay.

 There are 0 pins that are not constrained for maximum delay due to constant clock.


5. checking no_input_delay (0)
------------------------------
 There are 0 input ports with no input delay specified.

 There are 0 input ports with no input delay but user has a false path constraint.


6. checking no_output_delay (0)
-------------------------------
 There are 0 ports with no output delay specified.

 There are 0 ports with no output delay but user has a false path constraint

 There are 0 ports with no output delay but with a timing clock defined on it or propagating through it


7. checking multiple_clock (0)
------------------------------
 There are 0 register/latch pins with multiple clocks.


8. checking generated_clocks (0)
--------------------------------
 There are 0 generated clocks that are not connected to a clock source.


9. checking loops (0)
---------------------
 There are 0 combinational loops in the design.


10. checking partial_input_delay (0)
------------------------------------
 There are 0 input ports with partial input delay specified.


11. checking partial_output_delay (0)
-------------------------------------
 There are 0 ports with partial output delay specified.


12. checking latch_loops (0)
----------------------------
 There are 0 combinational latch loops in the design through latch input



------------------------------------------------------------------------------------------------
| Design Timing Summary
| ---------------------
------------------------------------------------------------------------------------------------

    WNS(ns)      TNS(ns)  TNS Failing Endpoints  TNS Total Endpoints      WHS(ns)      THS(ns)  THS Failing Endpoints  THS Total Endpoints     WPWS(ns)     TPWS(ns)  TPWS Failing Endpoints  TPWS Total Endpoints  
    -------      -------  ---------------------  -------------------      -------      -------  ---------------------  -------------------     --------     --------  ----------------------  --------------------  
        inf        0.000                      0                    5          inf        0.000                      0                    5           NA           NA                      NA                    NA  


There are no user specified timing constraints.


------------------------------------------------------------------------------------------------
| Clock Summary
| -------------
------------------------------------------------------------------------------------------------


------------------------------------------------------------------------------------------------
| Intra Clock Table
| -----------------
------------------------------------------------------------------------------------------------

Clock             WNS(ns)      TNS(ns)  TNS Failing Endpoints  TNS Total Endpoints      WHS(ns)      THS(ns)  THS Failing Endpoints  THS Total Endpoints     WPWS(ns)     TPWS(ns)  TPWS Failing Endpoints  TPWS Total Endpoints  
-----             -------      -------  ---------------------  -------------------      -------      -------  ---------------------  -------------------     --------     --------  ----------------------  --------------------  


------------------------------------------------------------------------------------------------
| Inter Clock Table
| -----------------
------------------------------------------------------------------------------------------------

From Clock    To Clock          WNS(ns)      TNS(ns)  TNS Failing Endpoints  TNS Total Endpoints      WHS(ns)      THS(ns)  THS Failing Endpoints  THS Total Endpoints  
----------    --------          -------      -------  ---------------------  -------------------      -------      -------  ---------------------  -------------------  


------------------------------------------------------------------------------------------------
| Other Path Groups Table
| -----------------------
------------------------------------------------------------------------------------------------

Path Group    From Clock    To Clock          WNS(ns)      TNS(ns)  TNS Failing Endpoints  TNS Total Endpoints      WHS(ns)      THS(ns)  THS Failing Endpoints  THS Total Endpoints  
----------    ----------    --------          -------      -------  ---------------------  -------------------      -------      -------  ---------------------  -------------------  


------------------------------------------------------------------------------------------------
| User Ignored Path Table
| -----------------------
------------------------------------------------------------------------------------------------

Path Group    From Clock    To Clock    
----------    ----------    --------    


------------------------------------------------------------------------------------------------
| Unconstrained Path Table
| ------------------------
------------------------------------------------------------------------------------------------

Path Group    From Clock    To Clock    
----------    ----------    --------    
(none)                                    


------------------------------------------------------------------------------------------------
| Timing Details
| --------------
------------------------------------------------------------------------------------------------


--------------------------------------------------------------------------------------
Path Group:  (none)
From Clock:  
  To Clock:  

Max Delay             5 Endpoints
Min Delay             5 Endpoints
--------------------------------------------------------------------------------------


Max Delay Paths
--------------------------------------------------------------------------------------
Slack:                    inf
  Source:                 b_i[0]
                            (input port)
  Destination:            carry_o
                            (output port)
  Path Group:             (none)
  Path Type:              Max at Slow Process Corner
  Data Path Delay:        8.282ns  (logic 4.313ns (52.076%)  route 3.969ns (47.924%))
  Logic Levels:           4  (IBUF=1 LUT5=2 OBUF=1)

    Location             Delay type                Incr(ns)  Path(ns)    Netlist Resource(s)
  -------------------------------------------------------------------    -------------------
    T13                                               0.000     0.000 r  b_i[0] (IN)
                         net (fo=0)                   0.000     0.000    b_i[0]
    T13                  IBUF (Prop_ibuf_I_O)         0.987     0.987 r  b_i_IBUF[0]_inst/O
                         net (fo=3, routed)           1.605     2.592    b_i_IBUF[0]
    SLICE_X0Y57          LUT5 (Prop_lut5_I1_O)        0.152     2.744 r  sum_o_OBUF[3]_inst_i_2/O
                         net (fo=3, routed)           0.487     3.231    temp_2
    SLICE_X0Y57          LUT5 (Prop_lut5_I0_O)        0.321     3.552 r  carry_o_OBUF_inst_i_1/O
                         net (fo=1, routed)           1.877     5.429    carry_o_OBUF
    V17                  OBUF (Prop_obuf_I_O)         2.853     8.282 r  carry_o_OBUF_inst/O
                         net (fo=0)                   0.000     8.282    carry_o
    V17                                                               r  carry_o (OUT)
  -------------------------------------------------------------------    -------------------

Slack:                    inf
  Source:                 b_i[0]
                            (input port)
  Destination:            sum_o[3]
                            (output port)
  Path Group:             (none)
  Path Type:              Max at Slow Process Corner
  Data Path Delay:        7.934ns  (logic 4.119ns (51.912%)  route 3.815ns (48.088%))
  Logic Levels:           4  (IBUF=1 LUT5=2 OBUF=1)

    Location             Delay type                Incr(ns)  Path(ns)    Netlist Resource(s)
  -------------------------------------------------------------------    -------------------
    T13                                               0.000     0.000 r  b_i[0] (IN)
                         net (fo=0)                   0.000     0.000    b_i[0]
    T13                  IBUF (Prop_ibuf_I_O)         0.987     0.987 r  b_i_IBUF[0]_inst/O
                         net (fo=3, routed)           1.605     2.592    b_i_IBUF[0]
    SLICE_X0Y57          LUT5 (Prop_lut5_I1_O)        0.152     2.744 r  sum_o_OBUF[3]_inst_i_2/O
                         net (fo=3, routed)           0.487     3.231    temp_2
    SLICE_X0Y57          LUT5 (Prop_lut5_I2_O)        0.326     3.557 r  sum_o_OBUF[3]_inst_i_1/O
                         net (fo=1, routed)           1.723     5.280    sum_o_OBUF[3]
    T11                  OBUF (Prop_obuf_I_O)         2.654     7.934 r  sum_o_OBUF[3]_inst/O
                         net (fo=0)                   0.000     7.934    sum_o[3]
    T11                                                               r  sum_o[3] (OUT)
  -------------------------------------------------------------------    -------------------

Slack:                    inf
  Source:                 b_i[0]
                            (input port)
  Destination:            sum_o[2]
                            (output port)
  Path Group:             (none)
  Path Type:              Max at Slow Process Corner
  Data Path Delay:        7.891ns  (logic 4.123ns (52.249%)  route 3.768ns (47.751%))
  Logic Levels:           4  (IBUF=1 LUT3=1 LUT5=1 OBUF=1)

    Location             Delay type                Incr(ns)  Path(ns)    Netlist Resource(s)
  -------------------------------------------------------------------    -------------------
    T13                                               0.000     0.000 r  b_i[0] (IN)
                         net (fo=0)                   0.000     0.000    b_i[0]
    T13                  IBUF (Prop_ibuf_I_O)         0.987     0.987 r  b_i_IBUF[0]_inst/O
                         net (fo=3, routed)           1.605     2.592    b_i_IBUF[0]
    SLICE_X0Y57          LUT5 (Prop_lut5_I1_O)        0.152     2.744 r  sum_o_OBUF[3]_inst_i_2/O
                         net (fo=3, routed)           0.451     3.195    temp_2
    SLICE_X0Y57          LUT3 (Prop_lut3_I0_O)        0.326     3.521 r  sum_o_OBUF[2]_inst_i_1/O
                         net (fo=1, routed)           1.712     5.233    sum_o_OBUF[2]
    U11                  OBUF (Prop_obuf_I_O)         2.658     7.891 r  sum_o_OBUF[2]_inst/O
                         net (fo=0)                   0.000     7.891    sum_o[2]
    U11                                                               r  sum_o[2] (OUT)
  -------------------------------------------------------------------    -------------------

Slack:                    inf
  Source:                 b_i[0]
                            (input port)
  Destination:            sum_o[1]
                            (output port)
  Path Group:             (none)
  Path Type:              Max at Slow Process Corner
  Data Path Delay:        7.099ns  (logic 3.782ns (53.278%)  route 3.317ns (46.722%))
  Logic Levels:           3  (IBUF=1 LUT5=1 OBUF=1)

    Location             Delay type                Incr(ns)  Path(ns)    Netlist Resource(s)
  -------------------------------------------------------------------    -------------------
    T13                                               0.000     0.000 r  b_i[0] (IN)
                         net (fo=0)                   0.000     0.000    b_i[0]
    T13                  IBUF (Prop_ibuf_I_O)         0.987     0.987 r  b_i_IBUF[0]_inst/O
                         net (fo=3, routed)           1.605     2.592    b_i_IBUF[0]
    SLICE_X0Y57          LUT5 (Prop_lut5_I1_O)        0.124     2.716 r  sum_o_OBUF[1]_inst_i_1/O
                         net (fo=1, routed)           1.712     4.428    sum_o_OBUF[1]
    U12                  OBUF (Prop_obuf_I_O)         2.671     7.099 r  sum_o_OBUF[1]_inst/O
                         net (fo=0)                   0.000     7.099    sum_o[1]
    U12                                                               r  sum_o[1] (OUT)
  -------------------------------------------------------------------    -------------------

Slack:                    inf
  Source:                 b_i[0]
                            (input port)
  Destination:            sum_o[0]
                            (output port)
  Path Group:             (none)
  Path Type:              Max at Slow Process Corner
  Data Path Delay:        7.014ns  (logic 3.774ns (53.814%)  route 3.239ns (46.186%))
  Logic Levels:           3  (IBUF=1 LUT3=1 OBUF=1)

    Location             Delay type                Incr(ns)  Path(ns)    Netlist Resource(s)
  -------------------------------------------------------------------    -------------------
    T13                                               0.000     0.000 r  b_i[0] (IN)
                         net (fo=0)                   0.000     0.000    b_i[0]
    T13                  IBUF (Prop_ibuf_I_O)         0.987     0.987 r  b_i_IBUF[0]_inst/O
                         net (fo=3, routed)           1.429     2.417    b_i_IBUF[0]
    SLICE_X0Y57          LUT3 (Prop_lut3_I2_O)        0.124     2.541 r  sum_o_OBUF[0]_inst_i_1/O
                         net (fo=1, routed)           1.810     4.350    sum_o_OBUF[0]
    V12                  OBUF (Prop_obuf_I_O)         2.663     7.014 r  sum_o_OBUF[0]_inst/O
                         net (fo=0)                   0.000     7.014    sum_o[0]
    V12                                                               r  sum_o[0] (OUT)
  -------------------------------------------------------------------    -------------------





Min Delay Paths
--------------------------------------------------------------------------------------
Slack:                    inf
  Source:                 b_i[3]
                            (input port)
  Destination:            sum_o[3]
                            (output port)
  Path Group:             (none)
  Path Type:              Min at Fast Process Corner
  Data Path Delay:        2.218ns  (logic 1.443ns (65.041%)  route 0.776ns (34.959%))
  Logic Levels:           3  (IBUF=1 LUT5=1 OBUF=1)

    Location             Delay type                Incr(ns)  Path(ns)    Netlist Resource(s)
  -------------------------------------------------------------------    -------------------
    V11                                               0.000     0.000 r  b_i[3] (IN)
                         net (fo=0)                   0.000     0.000    b_i[3]
    V11                  IBUF (Prop_ibuf_I_O)         0.228     0.228 r  b_i_IBUF[3]_inst/O
                         net (fo=2, routed)           0.425     0.653    b_i_IBUF[3]
    SLICE_X0Y57          LUT5 (Prop_lut5_I4_O)        0.045     0.698 r  sum_o_OBUF[3]_inst_i_1/O
                         net (fo=1, routed)           0.350     1.048    sum_o_OBUF[3]
    T11                  OBUF (Prop_obuf_I_O)         1.170     2.218 r  sum_o_OBUF[3]_inst/O
                         net (fo=0)                   0.000     2.218    sum_o[3]
    T11                                                               r  sum_o[3] (OUT)
  -------------------------------------------------------------------    -------------------

Slack:                    inf
  Source:                 a_i[1]
                            (input port)
  Destination:            sum_o[1]
                            (output port)
  Path Group:             (none)
  Path Type:              Min at Fast Process Corner
  Data Path Delay:        2.242ns  (logic 1.468ns (65.485%)  route 0.774ns (34.515%))
  Logic Levels:           3  (IBUF=1 LUT5=1 OBUF=1)

    Location             Delay type                Incr(ns)  Path(ns)    Netlist Resource(s)
  -------------------------------------------------------------------    -------------------
    T10                                               0.000     0.000 r  a_i[1] (IN)
                         net (fo=0)                   0.000     0.000    a_i[1]
    T10                  IBUF (Prop_ibuf_I_O)         0.236     0.236 r  a_i_IBUF[1]_inst/O
                         net (fo=2, routed)           0.417     0.653    a_i_IBUF[1]
    SLICE_X0Y57          LUT5 (Prop_lut5_I3_O)        0.045     0.698 r  sum_o_OBUF[1]_inst_i_1/O
                         net (fo=1, routed)           0.357     1.055    sum_o_OBUF[1]
    U12                  OBUF (Prop_obuf_I_O)         1.188     2.242 r  sum_o_OBUF[1]_inst/O
                         net (fo=0)                   0.000     2.242    sum_o[1]
    U12                                                               r  sum_o[1] (OUT)
  -------------------------------------------------------------------    -------------------

Slack:                    inf
  Source:                 b_i[2]
                            (input port)
  Destination:            sum_o[2]
                            (output port)
  Path Group:             (none)
  Path Type:              Min at Fast Process Corner
  Data Path Delay:        2.292ns  (logic 1.431ns (62.419%)  route 0.861ns (37.581%))
  Logic Levels:           3  (IBUF=1 LUT3=1 OBUF=1)

    Location             Delay type                Incr(ns)  Path(ns)    Netlist Resource(s)
  -------------------------------------------------------------------    -------------------
    U14                                               0.000     0.000 r  b_i[2] (IN)
                         net (fo=0)                   0.000     0.000    b_i[2]
    U14                  IBUF (Prop_ibuf_I_O)         0.211     0.211 r  b_i_IBUF[2]_inst/O
                         net (fo=3, routed)           0.508     0.720    b_i_IBUF[2]
    SLICE_X0Y57          LUT3 (Prop_lut3_I2_O)        0.045     0.765 r  sum_o_OBUF[2]_inst_i_1/O
                         net (fo=1, routed)           0.353     1.118    sum_o_OBUF[2]
    U11                  OBUF (Prop_obuf_I_O)         1.174     2.292 r  sum_o_OBUF[2]_inst/O
                         net (fo=0)                   0.000     2.292    sum_o[2]
    U11                                                               r  sum_o[2] (OUT)
  -------------------------------------------------------------------    -------------------

Slack:                    inf
  Source:                 carry_i
                            (input port)
  Destination:            sum_o[0]
                            (output port)
  Path Group:             (none)
  Path Type:              Min at Fast Process Corner
  Data Path Delay:        2.292ns  (logic 1.462ns (63.796%)  route 0.830ns (36.204%))
  Logic Levels:           3  (IBUF=1 LUT3=1 OBUF=1)

    Location             Delay type                Incr(ns)  Path(ns)    Netlist Resource(s)
  -------------------------------------------------------------------    -------------------
    V10                                               0.000     0.000 r  carry_i (IN)
                         net (fo=0)                   0.000     0.000    carry_i
    V10                  IBUF (Prop_ibuf_I_O)         0.238     0.238 r  carry_i_IBUF_inst/O
                         net (fo=3, routed)           0.439     0.677    carry_i_IBUF
    SLICE_X0Y57          LUT3 (Prop_lut3_I0_O)        0.045     0.722 r  sum_o_OBUF[0]_inst_i_1/O
                         net (fo=1, routed)           0.391     1.112    sum_o_OBUF[0]
    V12                  OBUF (Prop_obuf_I_O)         1.180     2.292 r  sum_o_OBUF[0]_inst/O
                         net (fo=0)                   0.000     2.292    sum_o[0]
    V12                                                               r  sum_o[0] (OUT)
  -------------------------------------------------------------------    -------------------

Slack:                    inf
  Source:                 b_i[3]
                            (input port)
  Destination:            carry_o
                            (output port)
  Path Group:             (none)
  Path Type:              Min at Fast Process Corner
  Data Path Delay:        2.352ns  (logic 1.501ns (63.813%)  route 0.851ns (36.187%))
  Logic Levels:           3  (IBUF=1 LUT5=1 OBUF=1)

    Location             Delay type                Incr(ns)  Path(ns)    Netlist Resource(s)
  -------------------------------------------------------------------    -------------------
    V11                                               0.000     0.000 r  b_i[3] (IN)
                         net (fo=0)                   0.000     0.000    b_i[3]
    V11                  IBUF (Prop_ibuf_I_O)         0.228     0.228 r  b_i_IBUF[3]_inst/O
                         net (fo=2, routed)           0.425     0.653    b_i_IBUF[3]
    SLICE_X0Y57          LUT5 (Prop_lut5_I3_O)        0.045     0.698 r  carry_o_OBUF_inst_i_1/O
                         net (fo=1, routed)           0.426     1.124    carry_o_OBUF
    V17                  OBUF (Prop_obuf_I_O)         1.228     2.352 r  carry_o_OBUF_inst/O
                         net (fo=0)                   0.000     2.352    carry_o
    V17                                                               r  carry_o (OUT)
  -------------------------------------------------------------------    -------------------





