#-----------------------------------------------------------
# Vivado v2024.2 (64-bit)
# SW Build 5239630 on Fri Nov 08 22:35:27 MST 2024
# IP Build 5239520 on Sun Nov 10 16:12:51 MST 2024
# SharedData Build 5239561 on Fri Nov 08 14:39:27 MST 2024
# Start of session at: Wed Jun 18 16:14:21 2025
# Process ID         : 10876
# Current directory  : C:/Users/yusuf/Desktop/Vivado Projeleri/ders_6_karta_kod_gomme/ders_6_karta_kod_gomme.runs/impl_1
# Command line       : vivado.exe -log testbench.vdi -applog -product Vivado -messageDb vivado.pb -mode batch -source testbench.tcl -notrace
# Log file           : C:/Users/yusuf/Desktop/Vivado Projeleri/ders_6_karta_kod_gomme/ders_6_karta_kod_gomme.runs/impl_1/testbench.vdi
# Journal file       : C:/Users/yusuf/Desktop/Vivado Projeleri/ders_6_karta_kod_gomme/ders_6_karta_kod_gomme.runs/impl_1\vivado.jou
# Running On         : YusufSoylu
# Platform           : Windows Server 2016 or Windows 10
# Operating System   : 26100
# Processor Detail   : Intel(R) Core(TM) i5-9300H CPU @ 2.40GHz
# CPU Frequency      : 2400 MHz
# CPU Physical cores : 4
# CPU Logical cores  : 8
# Host memory        : 17013 MB
# Swap memory        : 2166 MB
# Total Virtual      : 19179 MB
# Available Virtual  : 7126 MB
#-----------------------------------------------------------
source testbench.tcl -notrace
